[salmannazerbh.gitbook.io/vague/index.html]
[backblue.gif]
[fade.gif]
[index.html]
[app.gitbook.com/share/space/thumbnail/-M2kSTDNfDvHuMurYPjy.png]
[unpkg.com/emojione-assets@4.0.0/sprites/emojione-sprite-40.min.css]
[gblobscdn.gitbook.com/spaces/-M2kSTDNfDvHuMurYPjy/avatar-1584586012520fc39.png]
[polyfill.io/v3/polyfill.min5eb0.js]
[salmannazerbh.gitbook.io/vague/changelog.html]
[gstatic.gitbook.com/js/111.20cf3b38.js]
[salmannazerbh.gitbook.io/vague/index.html]
[unpkg.com/emojione-assets@4.0.0/sprites/emojione-sprite-40-people.png]
[unpkg.com/emojione-assets@4.0.0/sprites/emojione-sprite-40-people@2x.png]
[unpkg.com/emojione-assets@4.0.0/sprites/emojione-sprite-40-nature.png]
[unpkg.com/emojione-assets@4.0.0/sprites/emojione-sprite-40-nature@2x.png]
[unpkg.com/emojione-assets@4.0.0/sprites/emojione-sprite-40-food.png]
[unpkg.com/emojione-assets@4.0.0/sprites/emojione-sprite-40-food@2x.png]
[unpkg.com/emojione-assets@4.0.0/sprites/emojione-sprite-40-activity.png]
[unpkg.com/emojione-assets@4.0.0/sprites/emojione-sprite-40-activity@2x.png]
[unpkg.com/emojione-assets@4.0.0/sprites/emojione-sprite-40-travel.png]
[unpkg.com/emojione-assets@4.0.0/sprites/emojione-sprite-40-travel@2x.png]
[unpkg.com/emojione-assets@4.0.0/sprites/emojione-sprite-40-objects.png]
[unpkg.com/emojione-assets@4.0.0/sprites/emojione-sprite-40-objects@2x.png]
[unpkg.com/emojione-assets@4.0.0/sprites/emojione-sprite-40-symbols.png]
[unpkg.com/emojione-assets@4.0.0/sprites/emojione-sprite-40-symbols@2x.png]
[unpkg.com/emojione-assets@4.0.0/sprites/emojione-sprite-40-flags.png]
[unpkg.com/emojione-assets@4.0.0/sprites/emojione-sprite-40-flags@2x.png]
[unpkg.com/emojione-assets@4.0.0/sprites/emojione-sprite-40-regional.png]
[unpkg.com/emojione-assets@4.0.0/sprites/emojione-sprite-40-regional@2x.png]
[unpkg.com/emojione-assets@4.0.0/sprites/emojione-sprite-40-diversity.png]
[unpkg.com/emojione-assets@4.0.0/sprites/emojione-sprite-40-diversity@2x.png]
[unpkg.com/emojione-assets@4.0.0/sprites/emojione-sprite-40.min.css]
[salmannazerbh.gitbook.io/vague/changelog.html]
